---
source: cyclonedx-bom/src/specs/common/composition.rs
assertion_line: 361
expression: xml_output
---
<?xml version="1.0" encoding="utf-8"?>
<compositions>
  <composition>
    <aggregate>aggregate</aggregate>
    <assemblies>
      <assembly ref="assembly-ref" />
    </assemblies>
    <dependencies>
      <dependency ref="dependency-ref" />
    </dependencies>
  </composition>
</compositions>
