---
source: cyclonedx-bom/src/specs/common/hash.rs
expression: xml_output
---
<?xml version="1.0" encoding="utf-8"?>
<hashes>
  <hash alg="algorithm">hash value</hash>
</hashes>
