---
source: cyclonedx-bom/src/specs/common/external_reference.rs
expression: xml_output
---
<?xml version="1.0" encoding="utf-8"?>
<externalReferences>
  <reference type="external reference type">
    <url>url</url>
    <comment>comment</comment>
    <hashes>
      <hash alg="algorithm">hash value</hash>
    </hashes>
  </reference>
</externalReferences>
