---
source: cyclonedx-bom/src/specs/v1_3/property.rs
assertion_line: 150
expression: xml_output

---
<?xml version="1.0" encoding="utf-8"?>
<properties />
