---
source: cyclonedx-bom/src/specs/v1_3/license.rs
expression: xml_output
---
<?xml version="1.0" encoding="utf-8"?>
<licenses>
  <license>
    <id>spdx id</id>
    <text content-type="content type" encoding="encoding">content</text>
    <url>url</url>
  </license>
  <license>
    <name>name</name>
    <text content-type="content type" encoding="encoding">content</text>
    <url>url</url>
  </license>
</licenses>
