---
source: cyclonedx-bom/src/specs/v1_3/organization.rs
assertion_line: 255
expression: xml_output

---
<?xml version="1.0" encoding="utf-8"?>
<supplier>
  <name>name</name>
  <url>url</url>
  <contact>
    <name>name</name>
    <email>email</email>
    <phone>phone</phone>
  </contact>
</supplier>
