---
source: cyclonedx-bom/tests/specification_tests.rs
expression: bom_output
input_file: cyclonedx-bom/tests/data/1.3/valid-component-ref-1.3.json
---
{
  "bomFormat": "CycloneDX",
  "specVersion": "1.3",
  "version": 1,
  "serialNumber": "urn:uuid:3e671687-395b-41f5-a30f-a58921a69b79",
  "components": [
    {
      "type": "library",
      "bom-ref": "123",
      "name": "acme-library",
      "version": "1.0.0"
    },
    {
      "type": "library",
      "bom-ref": "456",
      "name": "acme-library",
      "version": "1.0.0"
    }
  ]
}
