---
source: cyclonedx-bom/src/specs/v1_5/evidence.rs
assertion_line: 485
expression: xml_output
---
<?xml version="1.0" encoding="utf-8"?>
<occurrences>
  <occurrence bom-ref="occurrence-1">
    <location>location-1</location>
  </occurrence>
</occurrences>
