---
source: cyclonedx-bom/src/specs/v1_4/dependency.rs
expression: xml_output
---
<?xml version="1.0" encoding="utf-8"?>
<dependencies />
