---
source: cyclonedx-bom/tests/specification_tests_v1_5.rs
assertion_line: 27
expression: bom_output
input_file: cyclonedx-bom/tests/spec/1.5/valid-service-empty-objects-1.5.xml
---
<?xml version="1.0" encoding="utf-8"?>
<bom xmlns="http://cyclonedx.org/schema/bom/1.5" serialNumber="urn:uuid:3e671687-395b-41f5-a30f-a58921a69b79" version="1">
  <services>
    <service bom-ref="b2a46a4b-8367-4bae-9820-95557cfe03a8">
      <provider />
      <name>Stock ticker service</name>
      <endpoints />
      <data />
      <licenses />
    </service>
  </services>
</bom>
