---
source: cyclonedx-bom/tests/specification_tests_v1_5.rs
assertion_line: 27
expression: bom_output
input_file: cyclonedx-bom/tests/spec/1.5/valid-component-types-1.5.xml
---
<?xml version="1.0" encoding="utf-8"?>
<bom xmlns="http://cyclonedx.org/schema/bom/1.5" serialNumber="urn:uuid:3e671687-395b-41f5-a30f-a58921a69b79" version="1">
  <components>
    <component type="application">
      <name>application-a</name>
      <version>1.0</version>
    </component>
    <component type="library">
      <name>library-a</name>
      <version>1.0</version>
    </component>
    <component type="framework">
      <name>framework-a</name>
      <version>1.0</version>
    </component>
    <component type="container">
      <name>container-a</name>
      <version>1.0</version>
    </component>
    <component type="operating-system">
      <name>operating-system-a</name>
      <version>1.0</version>
    </component>
    <component type="firmware">
      <name>firmware-a</name>
      <version>1.0</version>
    </component>
    <component type="device">
      <name>device-a</name>
      <version>1.0</version>
    </component>
    <component type="file">
      <name>file-a</name>
      <version>1.0</version>
    </component>
  </components>
</bom>
