---
source: cyclonedx-bom/tests/specification_tests_v1_5.rs
assertion_line: 27
expression: bom_output
input_file: cyclonedx-bom/tests/spec/1.5/valid-annotation-1.5.xml
---
<?xml version="1.0" encoding="utf-8"?>
<bom xmlns="http://cyclonedx.org/schema/bom/1.5" serialNumber="urn:uuid:3e671687-395b-41f5-a30f-a58921a69b79" version="1">
  <components>
    <component type="library" bom-ref="component-a">
      <name>Component A</name>
      <version>1.0.0</version>
    </component>
  </components>
</bom>
