---
source: cyclonedx-bom/tests/specification_tests_v1_4.rs
expression: bom_output
input_file: cyclonedx-bom/tests/data/1.4/valid-component-swid-1.4.json
---
{
  "bomFormat": "CycloneDX",
  "specVersion": "1.4",
  "version": 1,
  "serialNumber": "urn:uuid:3e671687-395b-41f5-a30f-a58921a69b79",
  "components": [
    {
      "type": "application",
      "author": "Acme Super Heros",
      "name": "Acme Application",
      "version": "9.1.1",
      "swid": {
        "tagId": "swidgen-242eb18a-503e-ca37-393b-cf156ef09691_9.1.1",
        "name": "Acme Application",
        "version": "9.1.1"
      }
    }
  ]
}
