---
source: cyclonedx-bom/tests/specification_tests_v1_4.rs
expression: bom_output
input_file: cyclonedx-bom/tests/data/1.4/valid-assembly-1.4.json
---
{
  "bomFormat": "CycloneDX",
  "specVersion": "1.4",
  "version": 1,
  "serialNumber": "urn:uuid:3e671687-395b-41f5-a30f-a58921a69b79",
  "components": [
    {
      "type": "library",
      "name": "acme-library-a",
      "version": "1.0.0",
      "components": [
        {
          "type": "library",
          "name": "acme-library-b",
          "version": "2.0.0"
        }
      ]
    }
  ],
  "services": [
    {
      "name": "acme-service-a",
      "services": [
        {
          "name": "acme-service-b"
        }
      ]
    }
  ]
}
