---
source: cyclonedx-bom/tests/specification_tests_v1_4.rs
expression: bom_output
input_file: cyclonedx-bom/tests/data/1.4/valid-license-id-1.4.json
---
{
  "bomFormat": "CycloneDX",
  "specVersion": "1.4",
  "version": 1,
  "serialNumber": "urn:uuid:3e671687-395b-41f5-a30f-a58921a69b79",
  "components": [
    {
      "type": "library",
      "publisher": "Acme Inc",
      "group": "com.acme",
      "name": "tomcat-catalina",
      "version": "9.0.14",
      "licenses": [
        {
          "license": {
            "id": "Apache-2.0"
          }
        }
      ]
    }
  ]
}
