---
source: cyclonedx-bom/src/specs/v1_5/formulation/workflow/workspace/volume.rs
expression: xml_output
---
<?xml version="1.0" encoding="utf-8"?>
<volume>
  <uid>volume-1</uid>
  <name>My volume</name>
  <mode>filesystem</mode>
  <path>/</path>
  <sizeAllocated>10GB</sizeAllocated>
  <persistent>true</persistent>
  <remote>false</remote>
</volume>
